<?xml version="1.0" encoding="utf-8"?><testsuites><testsuite name="pytest" errors="0" failures="0" skipped="0" tests="102" time="0.099" timestamp="2025-05-21T14:19:41.597113+02:00" hostname="PC-xgalanxhi"><testcase classname="test_calculator" name="test_add" time="0.000" /><testcase classname="test_calculator" name="test_subtract" time="0.000" /><testcase classname="test_calculator" name="test_multiply" time="0.001" /><testcase classname="test_calculator" name="test_divide" time="0.000" /><testcase classname="test_calculator" name="test_divide_by_zero" time="0.000" /><testcase classname="test_calculator" name="test_modulus" time="0.000" /><testcase classname="test_calculator" name="test_power" time="0.000" /><testcase classname="test_calculator" name="test_floor_divide" time="0.000" /><testcase classname="test_calculator" name="test_floor_divide_by_zero" time="0.000" /><testcase classname="test_calculator" name="test_add_then_multiply" time="0.000" /><testcase classname="test_calculator" name="test_subtract_then_divide" time="0.000" /><testcase classname="test_calculator" name="test_subtract_then_divide_zero" time="0.000" /><testcase classname="test_calculator" name="test_custom_operations[custom_op_10-49]" time="0.000" /><testcase classname="test_calculator" name="test_custom_operations[custom_op_11-56]" time="0.000" /><testcase classname="test_calculator" name="test_custom_operations[custom_op_12-63]" time="0.000" /><testcase classname="test_calculator" name="test_custom_operations[custom_op_13-70]" time="0.000" /><testcase classname="test_calculator" name="test_custom_operations[custom_op_14-77]" time="0.000" /><testcase classname="test_calculator" name="test_custom_operations[custom_op_15-84]" time="0.000" /><testcase classname="test_calculator" name="test_custom_operations[custom_op_16-91]" time="0.000" /><testcase classname="test_calculator" name="test_custom_operations[custom_op_17-98]" time="0.000" /><testcase classname="test_calculator" name="test_custom_operations[custom_op_18-105]" time="0.000" /><testcase classname="test_calculator" name="test_custom_operations[custom_op_19-112]" time="0.000" /><testcase classname="test_calculator" name="test_custom_operations[custom_op_20-119]" time="0.000" /><testcase classname="test_calculator" name="test_custom_operations[custom_op_21-126]" time="0.000" /><testcase classname="test_calculator" name="test_custom_operations[custom_op_22-133]" time="0.000" /><testcase classname="test_calculator" name="test_custom_operations[custom_op_23-140]" time="0.000" /><testcase classname="test_calculator" name="test_custom_operations[custom_op_24-147]" time="0.000" /><testcase classname="test_calculator" name="test_custom_operations[custom_op_25-154]" time="0.000" /><testcase classname="test_calculator" name="test_custom_operations[custom_op_26-161]" time="0.000" /><testcase classname="test_calculator" name="test_custom_operations[custom_op_27-168]" time="0.000" /><testcase classname="test_calculator" name="test_custom_operations[custom_op_28-175]" time="0.000" /><testcase classname="test_calculator" name="test_custom_operations[custom_op_29-182]" time="0.000" /><testcase classname="test_calculator" name="test_custom_operations[custom_op_30-189]" time="0.000" /><testcase classname="test_calculator" name="test_custom_operations[custom_op_31-196]" time="0.000" /><testcase classname="test_calculator" name="test_custom_operations[custom_op_32-203]" time="0.000" /><testcase classname="test_calculator" name="test_custom_operations[custom_op_33-210]" time="0.000" /><testcase classname="test_calculator" name="test_custom_operations[custom_op_34-217]" time="0.000" /><testcase classname="test_calculator" name="test_custom_operations[custom_op_35-224]" time="0.000" /><testcase classname="test_calculator" name="test_custom_operations[custom_op_36-231]" time="0.000" /><testcase classname="test_calculator" name="test_custom_operations[custom_op_37-238]" time="0.000" /><testcase classname="test_calculator" name="test_custom_operations[custom_op_38-245]" time="0.000" /><testcase classname="test_calculator" name="test_custom_operations[custom_op_39-252]" time="0.000" /><testcase classname="test_calculator" name="test_custom_operations[custom_op_40-259]" time="0.000" /><testcase classname="test_calculator" name="test_custom_operations[custom_op_41-266]" time="0.000" /><testcase classname="test_calculator" name="test_custom_operations[custom_op_42-273]" time="0.000" /><testcase classname="test_calculator" name="test_custom_operations[custom_op_43-280]" time="0.000" /><testcase classname="test_calculator" name="test_custom_operations[custom_op_44-287]" time="0.000" /><testcase classname="test_calculator" name="test_custom_operations[custom_op_45-294]" time="0.000" /><testcase classname="test_calculator" name="test_custom_operations[custom_op_46-301]" time="0.000" /><testcase classname="test_calculator" name="test_custom_operations[custom_op_47-308]" time="0.000" /><testcase classname="test_calculator" name="test_custom_operations[custom_op_48-315]" time="0.000" /><testcase classname="test_calculator" name="test_custom_operations[custom_op_49-322]" time="0.000" /><testcase classname="test_calculator" name="test_custom_operations[custom_op_50-329]" time="0.000" /><testcase classname="test_calculator" name="test_custom_operations[custom_op_51-336]" time="0.000" /><testcase classname="test_calculator" name="test_custom_operations[custom_op_52-343]" time="0.000" /><testcase classname="test_calculator" name="test_custom_operations[custom_op_53-350]" time="0.000" /><testcase classname="test_calculator" name="test_custom_operations[custom_op_54-357]" time="0.000" /><testcase classname="test_calculator" name="test_custom_operations[custom_op_55-364]" time="0.000" /><testcase classname="test_calculator" name="test_custom_operations[custom_op_56-371]" time="0.000" /><testcase classname="test_calculator" name="test_custom_operations[custom_op_57-378]" time="0.000" /><testcase classname="test_calculator" name="test_custom_operations[custom_op_58-385]" time="0.000" /><testcase classname="test_calculator" name="test_custom_operations[custom_op_59-392]" time="0.000" /><testcase classname="test_calculator" name="test_custom_operations[custom_op_60-399]" time="0.000" /><testcase classname="test_calculator" name="test_custom_operations[custom_op_61-406]" time="0.000" /><testcase classname="test_calculator" name="test_custom_operations[custom_op_62-413]" time="0.000" /><testcase classname="test_calculator" name="test_custom_operations[custom_op_63-420]" time="0.000" /><testcase classname="test_calculator" name="test_custom_operations[custom_op_64-427]" time="0.000" /><testcase classname="test_calculator" name="test_custom_operations[custom_op_65-434]" time="0.000" /><testcase classname="test_calculator" name="test_custom_operations[custom_op_66-441]" time="0.000" /><testcase classname="test_calculator" name="test_custom_operations[custom_op_67-448]" time="0.000" /><testcase classname="test_calculator" name="test_custom_operations[custom_op_68-455]" time="0.000" /><testcase classname="test_calculator" name="test_custom_operations[custom_op_69-462]" time="0.000" /><testcase classname="test_calculator" name="test_custom_operations[custom_op_70-469]" time="0.000" /><testcase classname="test_calculator" name="test_custom_operations[custom_op_71-476]" time="0.000" /><testcase classname="test_calculator" name="test_custom_operations[custom_op_72-483]" time="0.000" /><testcase classname="test_calculator" name="test_custom_operations[custom_op_73-490]" time="0.000" /><testcase classname="test_calculator" name="test_custom_operations[custom_op_74-497]" time="0.000" /><testcase classname="test_calculator" name="test_custom_operations[custom_op_75-504]" time="0.000" /><testcase classname="test_calculator" name="test_custom_operations[custom_op_76-511]" time="0.000" /><testcase classname="test_calculator" name="test_custom_operations[custom_op_77-518]" time="0.000" /><testcase classname="test_calculator" name="test_custom_operations[custom_op_78-525]" time="0.000" /><testcase classname="test_calculator" name="test_custom_operations[custom_op_79-532]" time="0.000" /><testcase classname="test_calculator" name="test_custom_operations[custom_op_80-539]" time="0.000" /><testcase classname="test_calculator" name="test_custom_operations[custom_op_81-546]" time="0.000" /><testcase classname="test_calculator" name="test_custom_operations[custom_op_82-553]" time="0.000" /><testcase classname="test_calculator" name="test_custom_operations[custom_op_83-560]" time="0.000" /><testcase classname="test_calculator" name="test_custom_operations[custom_op_84-567]" time="0.000" /><testcase classname="test_calculator" name="test_custom_operations[custom_op_85-574]" time="0.000" /><testcase classname="test_calculator" name="test_custom_operations[custom_op_86-581]" time="0.000" /><testcase classname="test_calculator" name="test_custom_operations[custom_op_87-588]" time="0.000" /><testcase classname="test_calculator" name="test_custom_operations[custom_op_88-595]" time="0.000" /><testcase classname="test_calculator" name="test_custom_operations[custom_op_89-602]" time="0.000" /><testcase classname="test_calculator" name="test_custom_operations[custom_op_90-609]" time="0.000" /><testcase classname="test_calculator" name="test_custom_operations[custom_op_91-616]" time="0.000" /><testcase classname="test_calculator" name="test_custom_operations[custom_op_92-623]" time="0.000" /><testcase classname="test_calculator" name="test_custom_operations[custom_op_93-630]" time="0.000" /><testcase classname="test_calculator" name="test_custom_operations[custom_op_94-637]" time="0.000" /><testcase classname="test_calculator" name="test_custom_operations[custom_op_95-644]" time="0.000" /><testcase classname="test_calculator" name="test_custom_operations[custom_op_96-651]" time="0.000" /><testcase classname="test_calculator" name="test_custom_op_97" time="0.000" /><testcase classname="test_calculator" name="test_custom_op_98" time="0.000" /><testcase classname="test_calculator" name="test_custom_op_99" time="0.000" /></testsuite></testsuites>